// Jest Snapshot v1, https://goo.gl/fbAQLP

exports[`renders the Deliveries Screen 1`] = `
<RCTScrollView>
  <View>
    <View
      onLayout={[Function]}
      style={
        Array [
          Object {
            "flex": 1,
          },
          Object {
            "paddingBottom": 0,
          },
        ]
      }
    >
      <View
        style={
          Array [
            Object {
              "backgroundColor": "#fff",
            },
            Object {
              "alignItems": "center",
              "display": "flex",
              "flex": 1,
              "padding": 12,
            },
          ]
        }
      >
        <Text
          style={
            Array [
              Object {
                "color": "#000",
              },
              Object {
                "alignItems": "center",
                "fontSize": 24,
                "marginBottom": 52,
                "width": "100%",
              },
            ]
          }
          testID="Deliveries.Title"
        >
          My Deliveries
        </Text>
        <RCTScrollView
          data={Array []}
          disableVirtualization={false}
          getItem={[Function]}
          getItemCount={[Function]}
          horizontal={false}
          initialNumToRender={10}
          keyExtractor={[Function]}
          maxToRenderPerBatch={10}
          onContentSizeChange={[Function]}
          onEndReachedThreshold={2}
          onLayout={[Function]}
          onMomentumScrollEnd={[Function]}
          onScroll={[Function]}
          onScrollBeginDrag={[Function]}
          onScrollEndDrag={[Function]}
          removeClippedSubviews={false}
          renderItem={[Function]}
          scrollEventThrottle={50}
          stickyHeaderIndices={Array []}
          style={
            Object {
              "margin": 8,
            }
          }
          updateCellsBatchingPeriod={50}
          viewabilityConfigCallbackPairs={Array []}
          windowSize={21}
        >
          <View />
        </RCTScrollView>
        <View
          accessible={true}
          focusable={true}
          onBlur={[Function]}
          onClick={[Function]}
          onFocus={[Function]}
          onResponderGrant={[Function]}
          onResponderMove={[Function]}
          onResponderRelease={[Function]}
          onResponderTerminate={[Function]}
          onResponderTerminationRequest={[Function]}
          onStartShouldSetResponder={[Function]}
          style={
            Object {
              "alignItems": "center",
              "backgroundColor": "#bebebe",
              "borderRadius": 4,
              "elevation": 3,
              "justifyContent": "center",
              "paddingHorizontal": 32,
              "paddingVertical": 12,
            }
          }
        >
          <Text
            style={
              Array [
                Object {
                  "color": "#000",
                },
                Object {
                  "color": "white",
                  "fontSize": 18,
                  "fontWeight": "bold",
                },
              ]
            }
          >
            Sign Out
          </Text>
        </View>
      </View>
    </View>
  </View>
</RCTScrollView>
`;
